// Jest Snapshot v1, https://goo.gl/fbAQLP

exports[`The user creation form was rendered 1`] = `
"<div class=\\"card\\">
  <div class=\\"card-header\\"><a class=\\"btn btn-link\\" data-object=\\"expandable\\" href=\\"/manager/users\\"><svg aria-hidden=\\"true\\" focusable=\\"false\\" data-prefix=\\"fas\\" data-icon=\\"chevron-left\\" class=\\"svg-inline--fa fa-chevron-left fa-w-10 fa-1x \\" role=\\"img\\" xmlns=\\"http://www.w3.org/2000/svg\\" viewBox=\\"0 0 320 512\\">
        <path fill=\\"currentColor\\" d=\\"M34.52 239.03L228.87 44.69c9.37-9.37 24.57-9.37 33.94 0l22.67 22.67c9.36 9.36 9.37 24.52.04 33.9L131.49 256l154.02 154.75c9.34 9.38 9.32 24.54-.04 33.9l-22.67 22.67c-9.37 9.37-24.57 9.37-33.94 0L34.52 272.97c-9.37-9.37-9.37-24.57 0-33.94z\\"></path>
      </svg><span>Back to all</span></a><span class=\\"border-start ps-sm-2\\">Create an user</span></div>
  <div class=\\"card-body\\">
    <form>
      <div class=\\"mb-3\\"><label for=\\"first-name\\" class=\\"form-label\\">First Name</label><input id=\\"first-name\\" name=\\"first_name\\" type=\\"text\\" class=\\"form-control\\" placeholder=\\"Type a first name...\\" value=\\"\\"></div>
      <div class=\\"mb-3\\"><label for=\\"last-name\\" class=\\"form-label\\">Last Name</label><input id=\\"last-name\\" name=\\"last_name\\" type=\\"text\\" class=\\"form-control\\" placeholder=\\"Type a last name...\\" value=\\"\\"></div>
      <div class=\\"mb-3\\"><label for=\\"email\\" class=\\"form-label\\">Email</label><input id=\\"email\\" name=\\"email\\" type=\\"email\\" class=\\"form-control\\" placeholder=\\"Type an email...\\" autocomplete=\\"email\\" value=\\"\\"></div>
      <div class=\\"mb-3\\"><label for=\\"password\\" class=\\"form-label\\">Password</label><input id=\\"password\\" name=\\"password\\" type=\\"password\\" class=\\"form-control\\" placeholder=\\"Set a password...\\" autocomplete=\\"new-password\\" value=\\"\\"></div>
      <div class=\\"form-check form-switch my-4\\"><input id=\\"status\\" name=\\"status\\" type=\\"checkbox\\" class=\\"form-check-input\\"><label for=\\"status\\" class=\\"form-check-label\\">Does the user has the approved email?</label></div><button type=\\"submit\\" class=\\"btn btn-primary mr-5\\"><span>Submit</span><span class=\\"d-none\\"><span class=\\"spinner-border spinner-border-sm\\" role=\\"status\\" aria-hidden=\\"true\\"></span>Loading...</span></button><span class=\\"d-block d-sm-inline pt-1 ms-sm-3 text-success\\"></span><span class=\\"d-block d-sm-inline pt-1 ms-sm-3 text-danger\\"></span>
    </form>
  </div>
</div>"
`;

exports[`The user form is loading 1`] = `
<div
  className="card"
>
  <div
    className="card-header"
  >
    <a
      className="btn btn-link"
      data-object="expandable"
      href="/manager/users"
      onClick={[Function]}
    >
      <svg
        aria-hidden="true"
        className="svg-inline--fa fa-chevron-left fa-w-10 fa-1x "
        data-icon="chevron-left"
        data-prefix="fas"
        focusable="false"
        role="img"
        style={Object {}}
        viewBox="0 0 320 512"
        xmlns="http://www.w3.org/2000/svg"
      >
        <path
          d="M34.52 239.03L228.87 44.69c9.37-9.37 24.57-9.37 33.94 0l22.67 22.67c9.36 9.36 9.37 24.52.04 33.9L131.49 256l154.02 154.75c9.34 9.38 9.32 24.54-.04 33.9l-22.67 22.67c-9.37 9.37-24.57 9.37-33.94 0L34.52 272.97c-9.37-9.37-9.37-24.57 0-33.94z"
          fill="currentColor"
          style={Object {}}
        />
      </svg>
      <span>
        Back to all
      </span>
    </a>
    <span
      className="border-start ps-sm-2"
    >
      Create an user
    </span>
  </div>
  <div
    className="card-body"
  >
    <div
      className="d-flex align-items-center text-secondary"
    >
      <strong>
        Loading...
      </strong>
      <div
        aria-hidden="true"
        className="spinner-border ms-auto"
        role="status"
      />
    </div>
  </div>
</div>
`;
